type octile
height 32
width 44
map
@@@@@@@@@@@@@@@@@@@@@@@@@@@@@@@@@@@@@@@@@@@@
@..........................................@
@..........................................@
@..........................................@
@........................................@.@
@.........................................@@
@.........................................@@
@.........................................@@
@.........................................@@
@.........................................@@
@.........................................@@
@.........................................@@
@.........................................@@
@.........................................@@
@.........................................@@
@.........................................@@
@.........................................@@
@.........................................@@
@.........................................@@
@.........................................@@
@.........................................@@
@.........................................@@
@.........................................@@
@.........................................@@
@.........................................@@
@.........................................@@
@.........................................@@
@........................................@.@
@..........................................@
@..........................................@
@..........................................@
@@@@@@@@@@@@@@@@@@@@@@@@@@@@@@@@@@@@@@@@@@@@
