type octile
height 33
width 44
map
@@......................................@@@@
@@........................................@@
@@........................................@@
@@........................................@@
@@........................................@@
@@........................................@@
@@........................................@@
@@........................................@@
@@........................................@@
@@........................................@@
@@........................................@@
@@........................................@@
@@........................................@@
@@........................................@@
@@........................................@@
@@........................................@@
@@........................................@@
@@........................................@@
@@........................................@@
@@........................................@@
@@........................................@@
@@........................................@@
@@........................................@@
@@........................................@@
@@........................................@@
@@........................................@@
@@........................................@@
@@........................................@@
@@........................................@@
@@........................................@@
@@........................................@@
@@........................................@@
@@......................................@@@@
